// Jest Snapshot v1, https://goo.gl/fbAQLP

exports[`App rendering specification SnapShot testing 1`] = `
<div
  className="carousel-container-1 mt-2 container-fluid"
  style={
    Object {
      "backgroundColor": "blue",
    }
  }
>
  <div
    className="row carousel-content mx-4"
  >
    <div
      className="carousel slide"
      data-bs-ride="true"
      id="carouselExampleIndicators"
    >
      <div
        className="carousel slide"
        onKeyDown={[Function]}
        onMouseOut={[Function]}
        onMouseOver={[Function]}
        onTouchEnd={[Function]}
        onTouchMove={[Function]}
        onTouchStart={[Function]}
      >
        <div
          className="carousel-indicators"
        >
          <button
            aria-current={true}
            aria-label="Slide 1"
            className="active"
            data-bs-target=""
            onClick={[Function]}
            type="button"
          />
          <button
            aria-current={false}
            aria-label="Slide 2"
            data-bs-target=""
            onClick={[Function]}
            type="button"
          />
          <button
            aria-current={false}
            aria-label="Slide 3"
            data-bs-target=""
            onClick={[Function]}
            type="button"
          />
        </div>
        <div
          className="carousel-inner"
        >
          <div
            className="active carousel-item"
          >
            <div
              className="d-flex flex-row"
            >
              <div
                className="w-100 d-flex justify-content-center align-item-center align-self-center"
              >
                <h1
                  className="txt col-8 justify-content-start text-white fs-1"
                >
                  All Original Accessories
                </h1>
              </div>
              <img
                alt="First slide"
                className="d-flex justify-content-center"
                src="/static/Mobile_Services/usb-cable.png"
                style={
                  Object {
                    "width": "16vw",
                  }
                }
              />
            </div>
          </div>
          <div
            className="carousel-item"
          >
            <div
              className="d-flex flex-row"
            >
              <div
                className="w-100 d-flex justify-content-center align-item-center align-self-center"
              >
                <h1
                  className="txt col-8 justify-content-start text-white fs-1"
                >
                  All Original Accessories
                </h1>
              </div>
              <img
                alt="First slide"
                className="d-flex  justify-content-center"
                src="/static/Mobile_Services/usb-cable.png"
                style={
                  Object {
                    "width": "16vw",
                  }
                }
              />
            </div>
          </div>
          <div
            className="carousel-item"
          >
            <div
              className="d-flex flex-row"
            >
              <div
                className="w-100 d-flex justify-content-center align-item-center align-self-center"
              >
                <h1
                  className="txt col-8 justify-content-start text-white fs-1"
                >
                  All Original Accessories
                </h1>
              </div>
              <img
                alt="First slide"
                className="d-flex justify-content-center"
                src="/static/Mobile_Services/usb-cable.png"
                style={
                  Object {
                    "width": "16vw",
                  }
                }
              />
            </div>
          </div>
        </div>
        <a
          className="carousel-control-prev"
          href="#"
          onClick={[Function]}
          onKeyDown={[Function]}
          role="button"
          tabIndex={0}
        >
          <span
            aria-hidden="true"
            className="carousel-control-prev-icon"
          />
          <span
            className="visually-hidden"
          >
            Previous
          </span>
        </a>
        <a
          className="carousel-control-next"
          href="#"
          onClick={[Function]}
          onKeyDown={[Function]}
          role="button"
          tabIndex={0}
        >
          <span
            aria-hidden="true"
            className="carousel-control-next-icon"
          />
          <span
            className="visually-hidden"
          >
            Next
          </span>
        </a>
      </div>
    </div>
  </div>
</div>
`;
