// Jest Snapshot v1, https://goo.gl/fbAQLP

exports[`all model rendering specification SnapShot testing 1`] = `
<section
  className="allmodels"
>
  <div
    className="d-flex flex-wrap justify-content-center container"
  />
</section>
`;
