// Jest Snapshot v1, https://goo.gl/fbAQLP

exports[`App rendering specification SnapShot testing 1`] = `
<div
  className="w-100 mx-1 container-fluid"
>
  <div
    className="row"
  >
    <div
      className="bg-white mt-0 p-5 col"
    >
      <h5>
        Cart Preview
      </h5>
      <hr />
      <div>
        <div>
          <div
            className="my-3 d-flex flex-row justify-content-between text-muted lh-1"
          >
            <p
              className="m-0"
            >
              string
               - 
              string
            </p>
            <p
              className="m-0 text-primary"
            >
              ₹ 
              2
            </p>
          </div>
          <hr
            className="m-0"
          />
        </div>
      </div>
      <div>
        <div
          className="my-3 d-flex flex-row justify-content-between lh-1"
        >
          <p
            className="m-0"
          >
            You Saved
            <span
              className="text-success"
            >
               
              (
              0
            </span>
            <span
              className="text-success"
            >
              %)
            </span>
          </p>
          <p
            className="m-0 text-primary"
          >
            ₹ 
            0
          </p>
        </div>
        <hr
          className="m-0"
        />
      </div>
      <div>
        <div
          className="my-3 d-flex flex-row justify-content-between lh-1"
        >
          <p
            className="m-0"
          >
            Total Amount
          </p>
          <p
            className="m-0 text-primary"
          >
            ₹ 
            0
          </p>
        </div>
        <hr
          className="m-0"
        />
      </div>
      <div
        className="px-2 mt-5 row"
      >
        <button
          className="btn btn-primary"
          disabled={false}
          onClick={[Function]}
          type="button"
        >
          Book Now
        </button>
      </div>
    </div>
  </div>
  <div
    className="cartFooter row"
  >
    <div
      className="col-1 text-muted m-auto d-flex justify-content-center fs-5 cartFontawesome col"
    >
      <i
        className="fa-solid fa-cart-arrow-down"
      />
    </div>
    <div
      className="col-5 text-center text-muted align-self-center d-flex justify-content-center col"
    >
      Total: ₹ 
      0
    </div>
    <div
      className="col-6 text-center col"
    >
      <div
        className=" p-2 row"
      >
        <button
          className="btn btn-primary"
          disabled={false}
          onClick={[Function]}
          type="button"
        >
          Book Now
        </button>
      </div>
    </div>
  </div>
</div>
`;
