// Jest Snapshot v1, https://goo.gl/fbAQLP

exports[`App rendering specification SnapShot testing 1`] = `
Array [
  <div
    className="my-3 d-flex flex-row justify-content-between text-muted lh-1"
  >
    <p
      className="m-0"
    >
       - 
    </p>
    <p
      className="m-0 text-primary"
    >
      â‚¹ 
      0
    </p>
  </div>,
  <hr
    className="m-0"
  />,
]
`;
