// Jest Snapshot v1, https://goo.gl/fbAQLP

exports[`time card rendering specification SnapShot testing 1`] = `
<div
  onClick={[Function]}
>
  a
</div>
`;
