// Jest Snapshot v1, https://goo.gl/fbAQLP

exports[`App rendering specification SnapShot testing 1`] = `
<section
  className="acSection"
>
  <div
    className="container"
  >
    <div
      className="carousel slide"
      onKeyDown={[Function]}
      onMouseOut={[Function]}
      onMouseOver={[Function]}
      onTouchEnd={[Function]}
      onTouchMove={[Function]}
      onTouchStart={[Function]}
    >
      <div
        className="carousel-indicators"
      >
        <button
          aria-current={true}
          aria-label="Slide 1"
          className="active"
          data-bs-target=""
          onClick={[Function]}
          type="button"
        />
        <button
          aria-current={false}
          aria-label="Slide 2"
          data-bs-target=""
          onClick={[Function]}
          type="button"
        />
        <button
          aria-current={false}
          aria-label="Slide 3"
          data-bs-target=""
          onClick={[Function]}
          type="button"
        />
      </div>
      <div
        className="carousel-inner"
      >
        <div
          className="caro_item active carousel-item"
        >
          <div
            className="row"
          >
            <div
              className="col-6 d-flex justify-content-center align-self-center col"
            >
              <h2
                className=" align-self-center fs-1 text-white"
              >
                Complete AC Cleanup
              </h2>
            </div>
            <div
              className="col-6 d-flex justify-content-end col"
            >
              <img
                alt=""
                src="/static/issuePage/ac.png"
              />
            </div>
          </div>
        </div>
        <div
          className="caro_item carousel-item"
        >
          <div
            className="row"
          >
            <div
              className="col-6 d-flex justify-content-center col"
            >
              <h2
                className=" align-self-center fs-1 text-white"
              >
                Complete AC Cleanup
              </h2>
            </div>
            <div
              className="col-6 d-flex justify-content-end col"
            >
              <img
                alt=""
                src="/static/issuePage/ac.png"
              />
            </div>
          </div>
        </div>
        <div
          className="caro_item carousel-item"
        >
          <div
            className="row"
          >
            <div
              className="col-6 d-flex justify-content-center col"
            >
              <h2
                className=" align-self-center fs-1 text-white"
              >
                Complete AC Cleanup
              </h2>
            </div>
            <div
              className="col-6 d-flex justify-content-end col"
            >
              <img
                alt=""
                src="/static/issuePage/ac.png"
              />
            </div>
          </div>
        </div>
      </div>
      <a
        className="carousel-control-prev"
        href="#"
        onClick={[Function]}
        onKeyDown={[Function]}
        role="button"
        tabIndex={0}
      >
        <span
          aria-hidden="true"
          className="carousel-control-prev-icon"
        />
        <span
          className="visually-hidden"
        >
          Previous
        </span>
      </a>
      <a
        className="carousel-control-next"
        href="#"
        onClick={[Function]}
        onKeyDown={[Function]}
        role="button"
        tabIndex={0}
      >
        <span
          aria-hidden="true"
          className="carousel-control-next-icon"
        />
        <span
          className="visually-hidden"
        >
          Next
        </span>
      </a>
    </div>
  </div>
</section>
`;
