// Jest Snapshot v1, https://goo.gl/fbAQLP

exports[`App rendering specification SnapShot testing 1`] = `
<div>
  <div
    className="modal"
  >
    <div
      className="modal-dialog"
    >
      <div
        className="modal-content"
      >
        <div
          className="modal-header"
        >
          <h5
            className="modal-title"
          >
            Modal title
          </h5>
          <button
            aria-label="Close"
            className="btn-close"
            data-bs-dismiss="modal"
            type="button"
          />
        </div>
        <div
          className="modal-body"
        >
          <p>
            Modal body text goes here.
          </p>
        </div>
        <div
          className="modal-footer"
        >
          <button
            className="btn btn-secondary"
            data-bs-dismiss="modal"
            type="button"
          >
            Close
          </button>
          <button
            className="btn btn-primary"
            type="button"
          >
            Save changes
          </button>
        </div>
      </div>
    </div>
  </div>
</div>
`;
