// Jest Snapshot v1, https://goo.gl/fbAQLP

exports[`pnf rendering specification SnapShot testing 1`] = `
Array [
  <section
    className="Offer-Carousel m-5"
  >
    <div
      className="container"
    >
      <div
        className="row carousel-content-1"
      >
        <div
          className="react-multi-carousel-list carousel-container "
          dir="ltr"
        >
          <ul
            className="react-multi-carousel-track "
            onMouseDown={[Function]}
            onMouseEnter={[Function]}
            onMouseLeave={[Function]}
            onMouseMove={[Function]}
            onMouseUp={[Function]}
            onTouchEnd={[Function]}
            onTouchMove={[Function]}
            onTouchStart={[Function]}
            style={
              Object {
                "overflow": "unset",
                "transform": "translate3d(0px,0,0)",
                "transition": "none",
              }
            }
          />
        </div>
      </div>
    </div>
  </section>,
  <section
    className="vaccinated"
    style={
      Object {
        "backgroundImage": "url(/static/image/bg-fleet.png)",
      }
    }
  >
    <div
      className="container"
    >
      <div
        className="row"
      >
        <div
          className="caro-2 d-flex"
        >
          <div
            className="text-vaccinated d-flex justify-content-start col-8"
          >
            <div
              className="d-flex flex-column"
            >
              <p
                className="vaccinated-para d-flex justify-content-start m-0"
              >
                #WeCare
              </p>
              <h1
                className="vaccinated-heading "
              >
                <strong
                  className="d-flex justify-content-start"
                >
                  Our Fleet is
                </strong>
                <strong
                  className="d-flex justify-content-start"
                >
                  Fully Vaccinated!
                </strong>
              </h1>
            </div>
          </div>
          <div
            className="pre_img"
          >
            <img
              alt="vaccine img"
              className="d-flex justify-content-end col-4 vaccinated-img"
              src="/static/Offer_carousel/img-fleet.png"
            />
          </div>
        </div>
      </div>
    </div>
  </section>,
  <section
    className="works"
  >
    <div
      className="container"
    >
      <div
        className="row"
      >
        <div
          className="col-12"
        >
          <h4
            className="text-center mt-5"
          >
            <strong>
              How it Works
            </strong>
          </h4>
        </div>
      </div>
      <div
        className="row side-gap work-row d-flex "
      >
        <div
          className="first-work d-flex justify-content-center col-5 g-0"
        >
          <img
            alt=""
            className="works-img-pick"
            src="static/image/pick.png"
          />
          <div
            className="work-text"
          >
            <h4
              className="work-heading"
            >
              Pick Your Product
            </h4>
            <p
              className="work-para"
            >
              Visit our website, choose the product that needs
               
              <br />
               
              fixing, get a quote and Yay! There we are, right at
              <br />
               
               your doorstep.
            </p>
          </div>
        </div>
        <div
          className="middle-border col-2 g-0"
        >
          <hr
            className="hr-mid-blue"
          />
        </div>
        <div
          className="second-work d-flex justify-content-center col-5 g-0"
        >
          <img
            alt=""
            className="works-img-service"
            src="static/image/Service.png"
          />
          <div
            className="work-test-1"
          >
            <h4
              className="work-heading"
            >
              Service at your Convenience
            </h4>
            <p
              className="work-para"
            >
              Once we have diagnosed the issue, we fix your
               
              <br />
               
              product, and deliver it to your doorstep â€“ At your
               
              <br />
              Convenience.
            </p>
          </div>
        </div>
      </div>
    </div>
  </section>,
]
`;
