// Jest Snapshot v1, https://goo.gl/fbAQLP

exports[`loader rendering specification SnapShot testing 1`] = `
<div
  className="loading"
>
  <div />
</div>
`;
