// Jest Snapshot v1, https://goo.gl/fbAQLP

exports[`App rendering specification SnapShot testing 1`] = `
<div
  className="apple brand-width "
  onClick={[Function]}
>
  <img
    alt="apple"
    className="brand-img"
    src=""
  />
</div>
`;
